// Jest Snapshot v1, https://goo.gl/fbAQLP

exports[`remote counter renders loading while still loading 1`] = `
Object {
  "attributes": Object {},
  "children": Array [
    "Loading...",
  ],
  "key": null,
  "name": "p",
}
`;

exports[`remote counter renders the count and -/+ buttons when loaded 1`] = `
Object {
  "attributes": Object {},
  "children": Array [
    Object {
      "attributes": Object {},
      "children": Array [
        42,
      ],
      "key": null,
      "name": "h1",
    },
    Object {
      "attributes": Object {
        "onclick": [Function],
      },
      "children": Array [
        "-",
      ],
      "key": undefined,
      "name": "button",
    },
    Object {
      "attributes": Object {
        "onclick": [Function],
      },
      "children": Array [
        "+",
      ],
      "key": undefined,
      "name": "button",
    },
  ],
  "key": null,
  "name": "div",
}
`;
